// Jest Snapshot v1, https://goo.gl/fbAQLP

exports[`<PostCard /> should match snapshot 1`] = `
<div
  class="post"
>
  <img
    alt="title 1"
    src="https://in.ign.com/spider-man-ps4/127764/feature/should-you-buy-marvels-spider-man"
  />
  <div
    class="post-content"
  >
    <h2>
      title 1
    </h2>
    <p>
      body 1
    </p>
  </div>
</div>
`;
